org.junit.platform.console@${platformVersion} jar:file:.+junit-platform-console/build/libs/junit-platform-console-${platformVersion}.jar/!module-info.class
requires java.base mandated
requires org.junit.platform.reporting transitive
