org.junit.jupiter.api@${jupiterVersion} jar:file:.+!module-info.class
exports org.junit.jupiter.api
exports org.junit.jupiter.api.condition
exports org.junit.jupiter.api.extension
exports org.junit.jupiter.api.function
exports org.junit.jupiter.api.io
exports org.junit.jupiter.api.parallel
requires java.base mandated
requires org.apiguardian.api
requires org.junit.platform.commons transitive
requires org.opentest4j