org.junit.jupiter@${jupiterVersion} jar:file:.+!module-info.class
requires java.base mandated
requires org.junit.jupiter.api transitive
requires org.junit.jupiter.engine static transitive